[backblue.gif]
[fade.gif]
[index.html]
[science.widener.edu/svb/tutorial/index.html]
[science.widener.edu/svb/tutorial/index_old.html]
[science.widener.edu/svb/tutorial/reflist.js]
[science.widener.edu/svb/tutorial/lecturesupportn7.js]
[science.widener.edu/svb/tutorial/numberconvert.js]
[science.widener.edu/svb/tutorial/acidlist.js]
[science.widener.edu/svb/tutorial/sigfigurescsn7.html]
[science.widener.edu/svb/tutorial/exponentscsn7.html]
[science.widener.edu/svb/tutorial/scinotcsn7.html]
[science.widener.edu/svb/tutorial/percentscsn7.html]
[science.widener.edu/svb/tutorial/densitycsn7.html]
[science.widener.edu/svb/tutorial/densitywpcsn7.html]
[science.widener.edu/svb/tutorial/convertvolcsn7.html]
[science.widener.edu/svb/tutorial/convertmasscsn7.html]
[science.widener.edu/svb/tutorial/convertlengthcsn7.html]
[science.widener.edu/svb/tutorial/convertdensitycsn7.html]
[science.widener.edu/svb/tutorial/convtempcsn7.html]
[science.widener.edu/svb/tutorial/protonscsn7.html]
[science.widener.edu/svb/tutorial/atomsmolescsn7.html]
[science.widener.edu/svb/tutorial/namingcsn7.html]
[science.widener.edu/svb/tutorial/stocknamingcsn7.html]
[science.widener.edu/svb/tutorial/namestoformulascsn7.html]
[science.widener.edu/svb/tutorial/gfwscsn7.html]
[science.widener.edu/svb/tutorial/massmolescsn7.html]
[science.widener.edu/svb/tutorial/formsmassescsn7.html]
[science.widener.edu/svb/tutorial/massformulawpcsn7.html]
[science.widener.edu/svb/tutorial/percentcompcsn7.html]
[science.widener.edu/svb/tutorial/empiricalformulascsn7.html]
[science.widener.edu/svb/tutorial/combustionanalysiscsn7.html]
[science.widener.edu/svb/tutorial/reactionsets.js]
[science.widener.edu/svb/tutorial/rxnbalancingcsn7.html]
[science.widener.edu/svb/tutorial/rxnsgramstogramscsn7.html]
[science.widener.edu/svb/tutorial/rxnsmolestomolescsn7.html]
[science.widener.edu/svb/tutorial/genstoichiometrycsn7.html]
[science.widener.edu/svb/tutorial/limitreagentcsn7.html]
[science.widener.edu/svb/tutorial/percentyieldcsn7.html]
[science.widener.edu/svb/tutorial/usinglimitreagentcsn7.html]
[science.widener.edu/svb/tutorial/precipitationcsn7.html]
[science.widener.edu/svb/tutorial/acidorbasecsn7.html]
[science.widener.edu/svb/tutorial/ionformulas.js]
[science.widener.edu/svb/tutorial/phdrillcsn7.html]
[science.widener.edu/svb/tutorial/phrelationscsn7.html]
[science.widener.edu/svb/tutorial/acidsolscsn7.html]
[science.widener.edu/svb/tutorial/acidbasecompletevaluescsn7.html]
[science.widener.edu/svb/tutorial/titrationscsn7.html]
[science.widener.edu/svb/tutorial/waterheatcsn7.html]
[science.widener.edu/svb/tutorial/heatxfer1csn7.html]
[science.widener.edu/svb/tutorial/heatxfer1wpcsn7.html]
[science.widener.edu/svb/tutorial/heatxfer2csn7.html]
[science.widener.edu/svb/tutorial/thermoequationscsn7.html]
[science.widener.edu/svb/tutorial/hesslawcsn7.html]
[science.widener.edu/svb/tutorial/wavefreqcsn7.html]
[science.widener.edu/svb/tutorial/hydrogenspeccsn7.html]
[science.widener.edu/svb/tutorial/debrogliecsn7.html]
[science.widener.edu/svb/tutorial/qnumberscsn7.html]
[science.widener.edu/svb/tutorial/estructurescsn7.html]
[science.widener.edu/svb/tutorial/boyleslawcsn7.html]
[science.widener.edu/svb/tutorial/charleslawcsn7.html]
[science.widener.edu/svb/tutorial/avogadroslawcsn7.html]
[science.widener.edu/svb/tutorial/combinedgascsn7.html]
[science.widener.edu/svb/tutorial/idealgascsn7.html]
[science.widener.edu/svb/tutorial/grahamslawcsn7.html]
[science.widener.edu/svb/tutorial/raoultslaw-1csn7.html]
[science.widener.edu/svb/tutorial/raoultslaw-2csn7.html]
[science.widener.edu/svb/tutorial/molarity1csn7.html]
[science.widener.edu/svb/tutorial/molarity2csn7.html]
[science.widener.edu/svb/tutorial/osmoticcsn7.html]
[science.widener.edu/svb/tutorial/freezingcsn7.html]
[science.widener.edu/svb/tutorial/kineticscsn7.html]
[science.widener.edu/svb/tutorial/usingratelawscsn7.html]
[science.widener.edu/svb/tutorial/hlife1.gif]
[science.widener.edu/svb/tutorial/hlivescsn7.html]
[science.widener.edu/svb/tutorial/arrhenius2.gif]
[science.widener.edu/svb/tutorial/arrheniuscsn7.html]
[science.widener.edu/svb/tutorial/calckcsn7.html]
[science.widener.edu/svb/tutorial/advcalckcsn7.html]
[science.widener.edu/svb/tutorial/calceqconccsn7.html]
[science.widener.edu/svb/tutorial/qvskcsn7.html]
[science.widener.edu/svb/tutorial/lechateliercsn7.html]
[science.widener.edu/svb/tutorial/combinequilcsn7.html]
[science.widener.edu/svb/tutorial/kckpcsn7.html]
[science.widener.edu/svb/tutorial/acidbasereactionscsn7.html]
[science.widener.edu/svb/tutorial/bufferscompcsn7.html]
[science.widener.edu/svb/tutorial/bufferspropscsn7.html]
[science.widener.edu/svb/tutorial/saltsolscsn7.html]
[science.widener.edu/svb/tutorial/saltcomioncsn7.html]
[science.widener.edu/svb/tutorial/balanceredoxcsn7.html]
[science.widener.edu/svb/tutorial/calceocsn7.html]
[science.widener.edu/svb/tutorial/eandkcsn7.html]
[science.widener.edu/svb/tutorial/faradaycsn7.html]
[science.widener.edu/svb/tutorial/nernstcsn7.html]
[science.widener.edu/svb/tutorial/sigfigures.html]
[science.widener.edu/svb/tutorial/scinot.html]
[science.widener.edu/svb/tutorial/density.html]
[science.widener.edu/svb/tutorial/percents.html]
[science.widener.edu/svb/tutorial/startdensitywp.html]
[science.widener.edu/svb/tutorial/convertvols.html]
[science.widener.edu/svb/tutorial/convertmass.html]
[science.widener.edu/svb/tutorial/convertlength.html]
[science.widener.edu/svb/tutorial/convertdensity.html]
[science.widener.edu/svb/tutorial/temperatures.html]
[science.widener.edu/svb/tutorial/protons.html]
[science.widener.edu/svb/tutorial/ptable.html]
[science.widener.edu/svb/tutorial/atomsmoles.html]
[science.widener.edu/svb/tutorial/naming.html]
[science.widener.edu/svb/tutorial/namestoformulas.html]
[science.widener.edu/svb/tutorial/stocknaming.html]
[science.widener.edu/svb/tutorial/massmoles.html]
[science.widener.edu/svb/tutorial/formsmasses.html]
[science.widener.edu/svb/tutorial/startmassformwp.html]
[science.widener.edu/svb/tutorial/formulas.html]
[science.widener.edu/svb/tutorial/startbalancerxns.html]
[science.widener.edu/svb/tutorial/startrxnmasses.html]
[science.widener.edu/svb/tutorial/startlimitwp.html]
[science.widener.edu/svb/tutorial/startrxnpercentwp.html]
[science.widener.edu/svb/tutorial/startcombinedrxnwp.html]
[science.widener.edu/svb/tutorial/combustion.html]
[science.widener.edu/svb/tutorial/molarity.html]
[science.widener.edu/svb/tutorial/startmolarity.html]
[science.widener.edu/svb/tutorial/waterheat.html]
[science.widener.edu/svb/tutorial/heatxfer.html]
[science.widener.edu/svb/tutorial/heatxfer2.html]
[science.widener.edu/svb/tutorial/hesslaw.html]
[science.widener.edu/svb/tutorial/startformheats.html]
[science.widener.edu/svb/tutorial/wavefreq.html]
[science.widener.edu/svb/tutorial/hydrogenspec.html]
[science.widener.edu/svb/tutorial/startqnumberswp.html]
[science.widener.edu/svb/tutorial/hybrid/struct1.gif]
[science.widener.edu/svb/tutorial/hybrid/struct2.gif]
[science.widener.edu/svb/tutorial/hybrid/struct3.gif]
[science.widener.edu/svb/tutorial/hybrid/struct4.gif]
[science.widener.edu/svb/tutorial/hybrid/struct5.gif]
[science.widener.edu/svb/tutorial/hybrid/struct6.gif]
[science.widener.edu/svb/tutorial/hybrid/struct7.gif]
[science.widener.edu/svb/tutorial/hybrid/struct8.gif]
[science.widener.edu/svb/tutorial/hybrid/struct9.gif]
[science.widener.edu/svb/tutorial/hybrid/struct10.gif]
[science.widener.edu/svb/tutorial/hybrid/struct11.gif]
[science.widener.edu/svb/tutorial/hybrid/struct12.gif]
[science.widener.edu/svb/tutorial/hybrid/struct13.gif]
[science.widener.edu/svb/tutorial/hybrid/struct14.gif]
[science.widener.edu/svb/tutorial/hybrid/struct15.gif]
[science.widener.edu/svb/tutorial/hybrid/struct16.gif]
[science.widener.edu/svb/tutorial/hybrid/struct17.gif]
[science.widener.edu/svb/tutorial/hybrid/struct18.gif]
[science.widener.edu/svb/tutorial/hybrid/struct19.gif]
[science.widener.edu/svb/tutorial/hybrid/struct20.gif]
[science.widener.edu/svb/tutorial/hybrid/struct21.gif]
[science.widener.edu/svb/tutorial/hybrid/struct22.gif]
[science.widener.edu/svb/tutorial/hybrid/struct23.gif]
[science.widener.edu/svb/tutorial/hybrid/struct24.gif]
[science.widener.edu/svb/tutorial/hybrid/struct25.gif]
[science.widener.edu/svb/tutorial/hybrid/struct26.gif]
[science.widener.edu/svb/tutorial/hybrid/struct27.gif]
[science.widener.edu/svb/tutorial/hybrid/struct28.gif]
[science.widener.edu/svb/tutorial/hybrid/struct29.gif]
[science.widener.edu/svb/tutorial/hybrid/struct30.gif]
[science.widener.edu/svb/tutorial/hybrid/struct31.gif]
[science.widener.edu/svb/tutorial/hybrid/struct32.gif]
[science.widener.edu/svb/tutorial/hybrid/struct33.gif]
[science.widener.edu/svb/tutorial/hybrid/struct34.gif]
[science.widener.edu/svb/tutorial/hybrid/struct35.gif]
[science.widener.edu/svb/tutorial/hybrid/struct36.gif]
[science.widener.edu/svb/tutorial/hybrid/struct37.gif]
[science.widener.edu/svb/tutorial/hybrid/struct38.gif]
[science.widener.edu/svb/tutorial/hybrid/struct39.gif]
[science.widener.edu/svb/tutorial/hybrid/struct40.gif]
[science.widener.edu/svb/tutorial/hybrid/struct41.gif]
[science.widener.edu/svb/tutorial/hybrid/struct42.gif]
[science.widener.edu/svb/tutorial/hybrid/struct43.gif]
[science.widener.edu/svb/tutorial/hybrid/struct44.gif]
[science.widener.edu/svb/tutorial/hybrid/struct45.gif]
[science.widener.edu/svb/tutorial/hybrid/struct46.gif]
[science.widener.edu/svb/tutorial/hybrid/struct47.gif]
[science.widener.edu/svb/tutorial/hybrid/struct48.gif]
[science.widener.edu/svb/tutorial/hybrid/struct49.gif]
[science.widener.edu/svb/tutorial/hybrid/struct50.gif]
[science.widener.edu/svb/tutorial/hybrid/struct51.gif]
[science.widener.edu/svb/tutorial/hybrid/struct52.gif]
[science.widener.edu/svb/tutorial/hybrid/struct53.gif]
[science.widener.edu/svb/tutorial/hybrid/struct54.gif]
[science.widener.edu/svb/tutorial/hybrid/struct55.gif]
[science.widener.edu/svb/tutorial/hybrid/struct56.gif]
[science.widener.edu/svb/tutorial/hybrid/struct57.gif]
[science.widener.edu/svb/tutorial/hybrid/struct58.gif]
[science.widener.edu/svb/tutorial/hybrid/struct59.gif]
[science.widener.edu/svb/tutorial/hybrid/struct60.gif]
[science.widener.edu/svb/tutorial/hybrid/struct61.gif]
[science.widener.edu/svb/tutorial/hybrid/struct62.gif]
[science.widener.edu/svb/tutorial/hybrid/struct63.gif]
[science.widener.edu/svb/tutorial/hybrid/struct64.gif]
[science.widener.edu/svb/tutorial/hybrid/struct65.gif]
[science.widener.edu/svb/tutorial/hybrid/struct66.gif]
[science.widener.edu/svb/tutorial/hybrid/struct67.gif]
[science.widener.edu/svb/tutorial/hybrid/struct68.gif]
[science.widener.edu/svb/tutorial/hybrid/struct69.gif]
[science.widener.edu/svb/tutorial/hybrid/struct70.gif]
[science.widener.edu/svb/tutorial/hybrid/struct71.gif]
[science.widener.edu/svb/tutorial/hybrid/struct72.gif]
[science.widener.edu/svb/tutorial/hybrid/struct73.gif]
[science.widener.edu/svb/tutorial/hybrid/struct74.gif]
[science.widener.edu/svb/tutorial/hybrid/struct75.gif]
[science.widener.edu/svb/tutorial/hybrid/struct76.gif]
[science.widener.edu/svb/tutorial/hybrid/struct77.gif]
[science.widener.edu/svb/tutorial/hybrid/struct78.gif]
[science.widener.edu/svb/tutorial/hybrid/struct79.gif]
[science.widener.edu/svb/tutorial/hybrid/struct80.gif]
[science.widener.edu/svb/tutorial/hybrid/struct81.gif]
[science.widener.edu/svb/tutorial/hybrid/struct82.gif]
[science.widener.edu/svb/tutorial/hybrid/struct83.gif]
[science.widener.edu/svb/tutorial/hybrid/struct84.gif]
[science.widener.edu/svb/tutorial/hybrid/struct85.gif]
[science.widener.edu/svb/tutorial/hybrid/hybridization.html]
[science.widener.edu/svb/tutorial/boyleslaw.html]
[science.widener.edu/svb/tutorial/charleslaw.html]
[science.widener.edu/svb/tutorial/avogadroslaw.html]
[science.widener.edu/svb/tutorial/combinedgaslaw.html]
[science.widener.edu/svb/tutorial/startidealgas.html]
[science.widener.edu/svb/tutorial/gaslawsfinal.html]
[science.widener.edu/svb/tutorial/raoults.html]
[science.widener.edu/svb/tutorial/freezing.html]
[science.widener.edu/svb/tutorial/osmotic.html]
[science.widener.edu/svb/tutorial/kinetics.html]
[science.widener.edu/svb/tutorial/usingratelaws.html]
[science.widener.edu/svb/tutorial/hlives.html]
[science.widener.edu/svb/tutorial/arrhenius.html]
[science.widener.edu/svb/tutorial/calck.html]
[science.widener.edu/svb/tutorial/equilcalcconc.html]
[science.widener.edu/svb/tutorial/qvsk.html]
[science.widener.edu/svb/tutorial/lechatelier.html]
[science.widener.edu/svb/tutorial/combinequil.html]
[science.widener.edu/svb/tutorial/phcalcs.html]
[science.widener.edu/svb/tutorial/acidsols.html]
[science.widener.edu/svb/tutorial/startacidsbases.html]
[science.widener.edu/svb/tutorial/buffersprops.html]
[science.widener.edu/svb/tutorial/starttitrations.html]
[science.widener.edu/svb/tutorial/saltsols.html]
[science.widener.edu/svb/tutorial/startbalredoxwp.html]
[science.widener.edu/svb/tutorial/starteos.html]
[science.widener.edu/svb/tutorial/startfaraday.html]
[science.widener.edu/svb/tutorial/startnernst.html]
[science.widener.edu/svb/tutorial/limitreagentcs.html]
[science.widener.edu/svb/tutorial/numberconvertn7.html]
[science.widener.edu/svb/tutorial/blank.html]
[science.widener.edu/svb/tutorial/densitywp.html]
[science.widener.edu/svb/tutorial/massformulawps.html]
[science.widener.edu/svb/tutorial/balancerxns.html]
[science.widener.edu/svb/tutorial/rxnmasseswp.html]
[science.widener.edu/svb/tutorial/limitreagentwp.html]
[science.widener.edu/svb/tutorial/rxnpercentswp.html]
[science.widener.edu/svb/tutorial/combinedrxnwp.html]
[science.widener.edu/svb/tutorial/volmassmoles.html]
[science.widener.edu/svb/tutorial/blank-2.html]
[science.widener.edu/svb/tutorial/formationheats.html]
[science.widener.edu/svb/tutorial/formationheadings.html]
[science.widener.edu/svb/tutorial/formationbuttons.html]
[science.widener.edu/svb/tutorial/qnumberswp.html]
[science.widener.edu/svb/tutorial/hybrid/index.html]
[science.widener.edu/svb/tutorial/idealgaswp.html]
[science.widener.edu/svb/tutorial/weakacidsbaseswp.html]
[science.widener.edu/svb/tutorial/titrations.html]
[science.widener.edu/svb/tutorial/balanceredox.html]
[science.widener.edu/svb/tutorial/eos.html]
[science.widener.edu/svb/tutorial/faraday.html]
[science.widener.edu/svb/tutorial/nernst.html]
[science.widener.edu/svb/tutorial/tutorial.html]
