[chemteachhelp.com/index.html]
[backblue.gif]
[fade.gif]
[index.html]
[chemteachhelp.com/sigfigurescsn7.html]
[chemteachhelp.com/exponentscsn7.html]
[chemteachhelp.com/directindirectcsn7.html]
[chemteachhelp.com/diproblemscsn7.html]
[chemteachhelp.com/scinotcsn7.html]
[chemteachhelp.com/smallerlargercsn7.html]
[chemteachhelp.com/percentscsn7.html]
[chemteachhelp.com/densitycsn7.html]
[chemteachhelp.com/wavefreqcsn7.html]
[chemteachhelp.com/densitywpcsn7.html]
[chemteachhelp.com/thesamecsn7.html]
[chemteachhelp.com/comparecsn7.html]
[chemteachhelp.com/whichisitcsn7.html]
[chemteachhelp.com/mixeddensitycsn7.html]
[chemteachhelp.com/pApBcsn7.html]
[chemteachhelp.com/convertvolcsn7.html]
[chemteachhelp.com/convertmasscsn7.html]
[chemteachhelp.com/convertlengthcsn7.html]
[chemteachhelp.com/convertdensitycsn7.html]
[chemteachhelp.com/convtempcsn7.html]
[chemteachhelp.com/protonscsn7.html]
[chemteachhelp.com/atomsmolescsn7.html]
[chemteachhelp.com/usemolarvolcsn7.html]
[chemteachhelp.com/qnumberscsn7.html]
[chemteachhelp.com/estructurescsn7.html]
[chemteachhelp.com/hydrogenspeccsn7.html]
[chemteachhelp.com/debrogliecsn7.html]
[chemteachhelp.com/nucleardecaycsn7.html]
[chemteachhelp.com/boyleslawcsn7.html]
[chemteachhelp.com/charleslawcsn7.html]
[chemteachhelp.com/avogadroslawcsn7.html]
[chemteachhelp.com/combinedgascsn7.html]
[chemteachhelp.com/idealgascsn7.html]
[chemteachhelp.com/grahamslawcsn7.html]
[chemteachhelp.com/daltonslawcsn7.html]
[chemteachhelp.com/RaoultsLaw-1csn7.html]
[chemteachhelp.com/RaoultsLaw-2csn7.html]
[chemteachhelp.com/molarity1csn7.html]
[chemteachhelp.com/molarity2csn7.html]
[chemteachhelp.com/osmoticcsn7.html]
[chemteachhelp.com/freezingcsn7.html]
[chemteachhelp.com/fpdepressioncsn7.html]
[chemteachhelp.com/dilutioncsn7.html]
[chemteachhelp.com/waterheatcsn7.html]
[chemteachhelp.com/heatxfer1csn7.html]
[chemteachhelp.com/heatxfer1wpcsn7.html]
[chemteachhelp.com/heatxfer2csn7.html]
[chemteachhelp.com/thermoequationscsn7.html]
[chemteachhelp.com/Hesslawcsn7.html]
[chemteachhelp.com/secondlawcsn7.html]
[chemteachhelp.com/workheatcsn7.html]
[chemteachhelp.com/workheatwpcsn7.html]
[chemteachhelp.com/acidorbasecsn7.html]
[chemteachhelp.com/phdrillcsn7.html]
[chemteachhelp.com/pHrelationscsn7.html]
[chemteachhelp.com/acidsolscsn7.html]
[chemteachhelp.com/acidbasecompletevaluescsn7.html]
[chemteachhelp.com/acidbasereactionscsn7.html]
[chemteachhelp.com/titrationscsn7.html]
[chemteachhelp.com/bufferscompcsn7.html]
[chemteachhelp.com/bufferspropscsn7.html]
[chemteachhelp.com/acidhydrolysiscsn7.html]
[chemteachhelp.com/protontransfercsn7.html]
[chemteachhelp.com/basesolscsn7.html]
[chemteachhelp.com/weakacidapproxcsn7.html]
[chemteachhelp.com/saltsolscsn7.html]
[chemteachhelp.com/precipitationcsn7.html]
[chemteachhelp.com/saltcomioncsn7.html]
[chemteachhelp.com/separatingionscsn7.html]
[chemteachhelp.com/namingcsn7.html]
[chemteachhelp.com/stocknamingcsn7.html]
[chemteachhelp.com/namestoformulascsn7.html]
[chemteachhelp.com/gfwscsn7.html]
[chemteachhelp.com/massmolescsn7.html]
[chemteachhelp.com/formsmassescsn7.html]
[chemteachhelp.com/massformulawpcsn7.html]
[chemteachhelp.com/percentcompcsn7.html]
[chemteachhelp.com/empiricalformulascsn7.html]
[chemteachhelp.com/combustionanalysiscsn7.html]
[chemteachhelp.com/kineticscsn7.html]
[chemteachhelp.com/usingratelawscsn7.html]
[chemteachhelp.com/hlivescsn7.html]
[chemteachhelp.com/arrheniuscsn7.html]
[chemteachhelp.com/rxnbalancingcsn7.html]
[chemteachhelp.com/rxnsgramstogramscsn7.html]
[chemteachhelp.com/rxnsmolestomolescsn7.html]
[chemteachhelp.com/genstoichiometrycsn7.html]
[chemteachhelp.com/limitreagentcsn7.html]
[chemteachhelp.com/percentyieldcsn7.html]
[chemteachhelp.com/usinglimitreagentcsn7.html]
[chemteachhelp.com/balanceredoxcsn7.html]
[chemteachhelp.com/calcEocsn7.html]
[chemteachhelp.com/EandKcsn7.html]
[chemteachhelp.com/faradaycsn7.html]
[chemteachhelp.com/nernstcsn7.html]
[chemteachhelp.com/usingECseriescsn7.html]
[chemteachhelp.com/writeredoxcsn7.html]
[chemteachhelp.com/calcKcsn7.html]
[chemteachhelp.com/advcalcKcsn7.html]
[chemteachhelp.com/calceqconccsn7.html]
[chemteachhelp.com/QvsKcsn7.html]
[chemteachhelp.com/lechateliercsn7.html]
[chemteachhelp.com/combinequilcsn7.html]
[chemteachhelp.com/KcKpcsn7.html]
[chemteachhelp.com/organomencsn7.html]
[chemteachhelp.com/bornhabercsn7.html]
[chemteachhelp.com/solidstructurecsn7.html]
[chemteachhelp.com/showbhcycles.html]
[chemteachhelp.com/vbtheorycsn7.html]
[chemteachhelp.com/cftheorycsn7.html]
[chemteachhelp.com/clapeyroncsn7.html]
[chemteachhelp.com/index.html]
[chemteachhelp.com/reflist.js]
[chemteachhelp.com/lecturesupportn7.js]
[chemteachhelp.com/numberconvert.js]
[chemteachhelp.com/acidlist.js]
[chemteachhelp.com/sigfigurescsn7.html]
[chemteachhelp.com/exponentscsn7.html]
[chemteachhelp.com/directindirectcsn7.html]
[chemteachhelp.com/diproblemscsn7.html]
[chemteachhelp.com/scinotcsn7.html]
[chemteachhelp.com/smallerlargercsn7.html]
[chemteachhelp.com/percentscsn7.html]
[chemteachhelp.com/densitycsn7.html]
[chemteachhelp.com/numberconvertn7.js]
[chemteachhelp.com/wavefreqcsn7.html]
[chemteachhelp.com/densitywpcsn7.html]
[chemteachhelp.com/thesamecsn7.html]
[chemteachhelp.com/comparecsn7.html]
[chemteachhelp.com/whichisitcsn7.html]
[chemteachhelp.com/numbercomvert.js]
[chemteachhelp.com/mixeddensitycsn7.html]
[chemteachhelp.com/ionformulas.js]
[chemteachhelp.com/pApBcsn7.html]
[chemteachhelp.com/convertvolcsn7.html]
[chemteachhelp.com/convertmasscsn7.html]
[chemteachhelp.com/convertlengthcsn7.html]
[chemteachhelp.com/convertdensitycsn7.html]
[chemteachhelp.com/convtempcsn7.html]
[chemteachhelp.com/protonscsn7.html]
[chemteachhelp.com/atomsmolescsn7.html]
[chemteachhelp.com/usemolarvolcsn7.html]
[chemteachhelp.com/qnumberscsn7.html]
[chemteachhelp.com/estructurescsn7.html]
[chemteachhelp.com/hydrogenspeccsn7.html]
[chemteachhelp.com/debrogliecsn7.html]
[chemteachhelp.com/nucleardecaycsn7.html]
[chemteachhelp.com/boyleslawcsn7.html]
[chemteachhelp.com/charleslawcsn7.html]
[chemteachhelp.com/avogadroslawcsn7.html]
[chemteachhelp.com/combinedgascsn7.html]
[chemteachhelp.com/idealgascsn7.html]
[chemteachhelp.com/grahamslawcsn7.html]
[chemteachhelp.com/daltonslawcsn7.html]
[chemteachhelp.com/RaoultsLaw-1csn7.html]
[chemteachhelp.com/RaoultsLaw-2csn7.html]
[chemteachhelp.com/molarity1csn7.html]
[chemteachhelp.com/molarity2csn7.html]
[chemteachhelp.com/osmoticcsn7.html]
[chemteachhelp.com/freezingcsn7.html]
[chemteachhelp.com/fpdepressioncsn7.html]
[chemteachhelp.com/dilutioncsn7.html]
[chemteachhelp.com/waterheatcsn7.html]
[chemteachhelp.com/heatxfer1csn7.html]
[chemteachhelp.com/heatxfer1wpcsn7.html]
[chemteachhelp.com/heatxfer2csn7.html]
[chemteachhelp.com/reactionsets.js]
[chemteachhelp.com/thermoequationscsn7.html]
[chemteachhelp.com/Hesslawcsn7.html]
[chemteachhelp.com/secondlawcsn7.html]
[chemteachhelp.com/workheatcsn7.html]
[chemteachhelp.com/workheatwpcsn7.html]
[chemteachhelp.com/acidorbasecsn7.html]
[chemteachhelp.com/phdrillcsn7.html]
[chemteachhelp.com/pHrelationscsn7.html]
[chemteachhelp.com/acidsolscsn7.html]
[chemteachhelp.com/acidbasecompletevaluescsn7.html]
[chemteachhelp.com/acidbasereactionscsn7.html]
[chemteachhelp.com/titrationscsn7.html]
[chemteachhelp.com/bufferscompcsn7.html]
[chemteachhelp.com/bufferspropscsn7.html]
[chemteachhelp.com/acidhydrolysiscsn7.html]
[chemteachhelp.com/protontransfercsn7.html]
[chemteachhelp.com/basesolscsn7.html]
[chemteachhelp.com/weakacidapproxcsn7.html]
[chemteachhelp.com/saltsolscsn7.html]
[chemteachhelp.com/precipitationcsn7.html]
[chemteachhelp.com/saltcomioncsn7.html]
[chemteachhelp.com/separatingionscsn7.html]
[chemteachhelp.com/namingcsn7.html]
[chemteachhelp.com/stocknamingcsn7.html]
[chemteachhelp.com/namestoformulascsn7.html]
[chemteachhelp.com/gfwscsn7.html]
[chemteachhelp.com/massmolescsn7.html]
[chemteachhelp.com/formsmassescsn7.html]
[chemteachhelp.com/massformulawpcsn7.html]
[chemteachhelp.com/percentcompcsn7.html]
[chemteachhelp.com/empiricalformulascsn7.html]
[chemteachhelp.com/combustionanalysiscsn7.html]
[chemteachhelp.com/kineticscsn7.html]
[chemteachhelp.com/usingratelawscsn7.html]
[chemteachhelp.com/hlife1.gif]
[chemteachhelp.com/hlivescsn7.html]
[chemteachhelp.com/arrhenius2.gif]
[chemteachhelp.com/arrheniuscsn7.html]
[chemteachhelp.com/rxnbalancingcsn7.html]
[chemteachhelp.com/rxnsgramstogramscsn7.html]
[chemteachhelp.com/rxnsmolestomolescsn7.html]
[chemteachhelp.com/genstoichiometrycsn7.html]
[chemteachhelp.com/limitreagentcsn7.html]
[chemteachhelp.com/percentyieldcsn7.html]
[chemteachhelp.com/limitreagentcs.html]
[chemteachhelp.com/usinglimitreagentcsn7.html]
[chemteachhelp.com/balanceredoxcsn7.html]
[chemteachhelp.com/calcEocsn7.html]
[chemteachhelp.com/EandKcsn7.html]
[chemteachhelp.com/faradaycsn7.html]
[chemteachhelp.com/nernstcsn7.html]
[chemteachhelp.com/usingECseriescsn7.html]
[chemteachhelp.com/writeredoxcsn7.html]
[chemteachhelp.com/calcKcsn7.html]
[chemteachhelp.com/advcalcKcsn7.html]
[chemteachhelp.com/calceqconccsn7.html]
[chemteachhelp.com/QvsKcsn7.html]
[chemteachhelp.com/lechateliercsn7.html]
[chemteachhelp.com/combinequilcsn7.html]
[chemteachhelp.com/KcKpcsn7.html]
[chemteachhelp.com/organomencsn7.html]
[chemteachhelp.com/bornhabercsn7.html]
[chemteachhelp.com/atomdata.js]
[chemteachhelp.com/solidstructurecsn7.html]
[chemteachhelp.com/hwsupportn7.js]
[chemteachhelp.com/showbhcycles.html]
[chemteachhelp.com/vbtheorycsn7.html]
[chemteachhelp.com/cftheorycsn7.html]
[chemteachhelp.com/clapH.gif]
[chemteachhelp.com/clapt1.gif]
[chemteachhelp.com/clapt2.gif]
[chemteachhelp.com/clapp1.gif]
[chemteachhelp.com/clapp2.gif]
[chemteachhelp.com/claperyon.gif]
[chemteachhelp.com/clapeyroncsn7.html]
[chemteachhelp.com/numberconvertn7.html]
[chemteachhelp.com/numbercomvert.html]
[chemteachhelp.com/limitreagentcs.html]
[chemteachhelp.com/hwsupportn7.html]
[chemteachhelp.com/clapt1.html]
[chemteachhelp.com/clapt2.html]
[chemteachhelp.com/clapp1.html]
[chemteachhelp.com/clapp2.html]
